PC: 0x1
SP: 0x0
A: 0x0, F: 0x0, AF: 0x0
B: 0x0, C: 0x4e, BC: 0x4e
D: 0x0, E: 0x0, DE: 0x0
H: 0x0, L: 0x0, HL: 0x0

PC: 0x2
SP: 0x0
A: 0x0, F: 0x0, AF: 0x0
B: 0x0, C: 0x4e, BC: 0x4e
D: 0x0, E: 0x0, DE: 0x0
H: 0x0, L: 0x0, HL: 0x0

PC: 0x3
SP: 0x0
A: 0x0, F: 0x0, AF: 0x0
B: 0x0, C: 0x4e, BC: 0x4e
D: 0x0, E: 0x0, DE: 0x0
H: 0x0, L: 0x0, HL: 0x0

PC: 0x4
SP: 0x0
A: 0x0, F: 0x0, AF: 0x0
B: 0x0, C: 0x4e, BC: 0x4e
D: 0x0, E: 0x0, DE: 0x0
H: 0x0, L: 0x0, HL: 0x0

PC: 0x5
SP: 0x0
A: 0x0, F: 0x0, AF: 0x0
B: 0x0, C: 0x4e, BC: 0x4e
D: 0x0, E: 0x0, DE: 0x0
H: 0x0, L: 0x0, HL: 0x0

PC: 0x6
SP: 0x0
A: 0x0, F: 0x0, AF: 0x0
B: 0x0, C: 0x4e, BC: 0x4e
D: 0x0, E: 0x0, DE: 0x0
H: 0x0, L: 0x0, HL: 0x0

PC: 0x0
SP: 0x0
A: 0x0, F: 0x0, AF: 0x0
B: 0x0, C: 0x4e, BC: 0x4e
D: 0x0, E: 0x0, DE: 0x0
H: 0x0, L: 0x0, HL: 0x0

PC: 0x1
SP: 0x0
A: 0x0, F: 0x0, AF: 0x0
B: 0x0, C: 0x4e, BC: 0x4e
D: 0x0, E: 0x0, DE: 0x0
H: 0x0, L: 0x0, HL: 0x0

PC: 0x2
SP: 0x0
A: 0x0, F: 0x0, AF: 0x0
B: 0x0, C: 0x4e, BC: 0x4e
D: 0x0, E: 0x0, DE: 0x0
H: 0x0, L: 0x0, HL: 0x0

PC: 0x3
SP: 0x0
A: 0x0, F: 0x0, AF: 0x0
B: 0x0, C: 0x4e, BC: 0x4e
D: 0x0, E: 0x0, DE: 0x0
H: 0x0, L: 0x0, HL: 0x0

PC: 0x4
SP: 0x0
A: 0x0, F: 0x0, AF: 0x0
B: 0x0, C: 0x4e, BC: 0x4e
D: 0x0, E: 0x0, DE: 0x0
H: 0x0, L: 0x0, HL: 0x0

PC: 0x5
SP: 0x0
A: 0x0, F: 0x0, AF: 0x0
B: 0x0, C: 0x4e, BC: 0x4e
D: 0x0, E: 0x0, DE: 0x0
H: 0x0, L: 0x0, HL: 0x0

PC: 0x6
SP: 0x0
A: 0x0, F: 0x0, AF: 0x0
B: 0x0, C: 0x4e, BC: 0x4e
D: 0x0, E: 0x0, DE: 0x0
H: 0x0, L: 0x0, HL: 0x0

PC: 0x0
SP: 0x0
A: 0x0, F: 0x0, AF: 0x0
B: 0x0, C: 0x4e, BC: 0x4e
D: 0x0, E: 0x0, DE: 0x0
H: 0x0, L: 0x0, HL: 0x0

PC: 0x1
SP: 0x0
A: 0x0, F: 0x0, AF: 0x0
B: 0x0, C: 0x4e, BC: 0x4e
D: 0x0, E: 0x0, DE: 0x0
H: 0x0, L: 0x0, HL: 0x0

PC: 0x2
SP: 0x0
A: 0x0, F: 0x0, AF: 0x0
B: 0x0, C: 0x4e, BC: 0x4e
D: 0x0, E: 0x0, DE: 0x0
H: 0x0, L: 0x0, HL: 0x0

PC: 0x3
SP: 0x0
A: 0x0, F: 0x0, AF: 0x0
B: 0x0, C: 0x4e, BC: 0x4e
D: 0x0, E: 0x0, DE: 0x0
H: 0x0, L: 0x0, HL: 0x0

PC: 0x4
SP: 0x0
A: 0x0, F: 0x0, AF: 0x0
B: 0x0, C: 0x4e, BC: 0x4e
D: 0x0, E: 0x0, DE: 0x0
H: 0x0, L: 0x0, HL: 0x0

PC: 0x5
SP: 0x0
A: 0x0, F: 0x0, AF: 0x0
B: 0x0, C: 0x4e, BC: 0x4e
D: 0x0, E: 0x0, DE: 0x0
H: 0x0, L: 0x0, HL: 0x0

PC: 0x6
SP: 0x0
A: 0x0, F: 0x0, AF: 0x0
B: 0x0, C: 0x4e, BC: 0x4e
D: 0x0, E: 0x0, DE: 0x0
H: 0x0, L: 0x0, HL: 0x0

PC: 0x0
SP: 0x0
A: 0x0, F: 0x0, AF: 0x0
B: 0x0, C: 0x4e, BC: 0x4e
D: 0x0, E: 0x0, DE: 0x0
H: 0x0, L: 0x0, HL: 0x0

PC: 0x1
SP: 0x0
A: 0x0, F: 0x0, AF: 0x0
B: 0x0, C: 0x4e, BC: 0x4e
D: 0x0, E: 0x0, DE: 0x0
H: 0x0, L: 0x0, HL: 0x0

PC: 0x2
SP: 0x0
A: 0x0, F: 0x0, AF: 0x0
B: 0x0, C: 0x4e, BC: 0x4e
D: 0x0, E: 0x0, DE: 0x0
H: 0x0, L: 0x0, HL: 0x0

PC: 0x3
SP: 0x0
A: 0x0, F: 0x0, AF: 0x0
B: 0x0, C: 0x4e, BC: 0x4e
D: 0x0, E: 0x0, DE: 0x0
H: 0x0, L: 0x0, HL: 0x0

PC: 0x4
SP: 0x0
A: 0x0, F: 0x0, AF: 0x0
B: 0x0, C: 0x4e, BC: 0x4e
D: 0x0, E: 0x0, DE: 0x0
H: 0x0, L: 0x0, HL: 0x0

PC: 0x5
SP: 0x0
A: 0x0, F: 0x0, AF: 0x0
B: 0x0, C: 0x4e, BC: 0x4e
D: 0x0, E: 0x0, DE: 0x0
H: 0x0, L: 0x0, HL: 0x0

PC: 0x6
SP: 0x0
A: 0x0, F: 0x0, AF: 0x0
B: 0x0, C: 0x4e, BC: 0x4e
D: 0x0, E: 0x0, DE: 0x0
H: 0x0, L: 0x0, HL: 0x0

PC: 0x0
SP: 0x0
A: 0x0, F: 0x0, AF: 0x0
B: 0x0, C: 0x4e, BC: 0x4e
D: 0x0, E: 0x0, DE: 0x0
H: 0x0, L: 0x0, HL: 0x0

PC: 0x1
SP: 0x0
A: 0x0, F: 0x0, AF: 0x0
B: 0x0, C: 0x4e, BC: 0x4e
D: 0x0, E: 0x0, DE: 0x0
H: 0x0, L: 0x0, HL: 0x0

PC: 0x2
SP: 0x0
A: 0x0, F: 0x0, AF: 0x0
B: 0x0, C: 0x4e, BC: 0x4e
D: 0x0, E: 0x0, DE: 0x0
H: 0x0, L: 0x0, HL: 0x0

PC: 0x3
SP: 0x0
A: 0x0, F: 0x0, AF: 0x0
B: 0x0, C: 0x4e, BC: 0x4e
D: 0x0, E: 0x0, DE: 0x0
H: 0x0, L: 0x0, HL: 0x0

PC: 0x4
SP: 0x0
A: 0x0, F: 0x0, AF: 0x0
B: 0x0, C: 0x4e, BC: 0x4e
D: 0x0, E: 0x0, DE: 0x0
H: 0x0, L: 0x0, HL: 0x0

PC: 0x5
SP: 0x0
A: 0x0, F: 0x0, AF: 0x0
B: 0x0, C: 0x4e, BC: 0x4e
D: 0x0, E: 0x0, DE: 0x0
H: 0x0, L: 0x0, HL: 0x0

PC: 0x6
SP: 0x0
A: 0x0, F: 0x0, AF: 0x0
B: 0x0, C: 0x4e, BC: 0x4e
D: 0x0, E: 0x0, DE: 0x0
H: 0x0, L: 0x0, HL: 0x0

PC: 0x0
SP: 0x0
A: 0x0, F: 0x0, AF: 0x0
B: 0x0, C: 0x4e, BC: 0x4e
D: 0x0, E: 0x0, DE: 0x0
H: 0x0, L: 0x0, HL: 0x0

PC: 0x1
SP: 0x0
A: 0x0, F: 0x0, AF: 0x0
B: 0x0, C: 0x4e, BC: 0x4e
D: 0x0, E: 0x0, DE: 0x0
H: 0x0, L: 0x0, HL: 0x0

PC: 0x2
SP: 0x0
A: 0x0, F: 0x0, AF: 0x0
B: 0x0, C: 0x4e, BC: 0x4e
D: 0x0, E: 0x0, DE: 0x0
H: 0x0, L: 0x0, HL: 0x0

PC: 0x3
SP: 0x0
A: 0x0, F: 0x0, AF: 0x0
B: 0x0, C: 0x4e, BC: 0x4e
D: 0x0, E: 0x0, DE: 0x0
H: 0x0, L: 0x0, HL: 0x0

PC: 0x4
SP: 0x0
A: 0x0, F: 0x0, AF: 0x0
B: 0x0, C: 0x4e, BC: 0x4e
D: 0x0, E: 0x0, DE: 0x0
H: 0x0, L: 0x0, HL: 0x0

PC: 0x5
SP: 0x0
A: 0x0, F: 0x0, AF: 0x0
B: 0x0, C: 0x4e, BC: 0x4e
D: 0x0, E: 0x0, DE: 0x0
H: 0x0, L: 0x0, HL: 0x0

PC: 0x6
SP: 0x0
A: 0x0, F: 0x0, AF: 0x0
B: 0x0, C: 0x4e, BC: 0x4e
D: 0x0, E: 0x0, DE: 0x0
H: 0x0, L: 0x0, HL: 0x0

PC: 0x0
SP: 0x0
A: 0x0, F: 0x0, AF: 0x0
B: 0x0, C: 0x4e, BC: 0x4e
D: 0x0, E: 0x0, DE: 0x0
H: 0x0, L: 0x0, HL: 0x0

PC: 0x1
SP: 0x0
A: 0x0, F: 0x0, AF: 0x0
B: 0x0, C: 0x4e, BC: 0x4e
D: 0x0, E: 0x0, DE: 0x0
H: 0x0, L: 0x0, HL: 0x0

PC: 0x2
SP: 0x0
A: 0x0, F: 0x0, AF: 0x0
B: 0x0, C: 0x4e, BC: 0x4e
D: 0x0, E: 0x0, DE: 0x0
H: 0x0, L: 0x0, HL: 0x0

PC: 0x3
SP: 0x0
A: 0x0, F: 0x0, AF: 0x0
B: 0x0, C: 0x4e, BC: 0x4e
D: 0x0, E: 0x0, DE: 0x0
H: 0x0, L: 0x0, HL: 0x0

PC: 0x4
SP: 0x0
A: 0x0, F: 0x0, AF: 0x0
B: 0x0, C: 0x4e, BC: 0x4e
D: 0x0, E: 0x0, DE: 0x0
H: 0x0, L: 0x0, HL: 0x0

PC: 0x5
SP: 0x0
A: 0x0, F: 0x0, AF: 0x0
B: 0x0, C: 0x4e, BC: 0x4e
D: 0x0, E: 0x0, DE: 0x0
H: 0x0, L: 0x0, HL: 0x0

PC: 0x6
SP: 0x0
A: 0x0, F: 0x0, AF: 0x0
B: 0x0, C: 0x4e, BC: 0x4e
D: 0x0, E: 0x0, DE: 0x0
H: 0x0, L: 0x0, HL: 0x0

PC: 0x0
SP: 0x0
A: 0x0, F: 0x0, AF: 0x0
B: 0x0, C: 0x4e, BC: 0x4e
D: 0x0, E: 0x0, DE: 0x0
H: 0x0, L: 0x0, HL: 0x0

PC: 0x1
SP: 0x0
A: 0x0, F: 0x0, AF: 0x0
B: 0x0, C: 0x4e, BC: 0x4e
D: 0x0, E: 0x0, DE: 0x0
H: 0x0, L: 0x0, HL: 0x0

PC: 0x2
SP: 0x0
A: 0x0, F: 0x0, AF: 0x0
B: 0x0, C: 0x4e, BC: 0x4e
D: 0x0, E: 0x0, DE: 0x0
H: 0x0, L: 0x0, HL: 0x0

PC: 0x3
SP: 0x0
A: 0x0, F: 0x0, AF: 0x0
B: 0x0, C: 0x4e, BC: 0x4e
D: 0x0, E: 0x0, DE: 0x0
H: 0x0, L: 0x0, HL: 0x0

PC: 0x4
SP: 0x0
A: 0x0, F: 0x0, AF: 0x0
B: 0x0, C: 0x4e, BC: 0x4e
D: 0x0, E: 0x0, DE: 0x0
H: 0x0, L: 0x0, HL: 0x0

PC: 0x5
SP: 0x0
A: 0x0, F: 0x0, AF: 0x0
B: 0x0, C: 0x4e, BC: 0x4e
D: 0x0, E: 0x0, DE: 0x0
H: 0x0, L: 0x0, HL: 0x0

PC: 0x6
SP: 0x0
A: 0x0, F: 0x0, AF: 0x0
B: 0x0, C: 0x4e, BC: 0x4e
D: 0x0, E: 0x0, DE: 0x0
H: 0x0, L: 0x0, HL: 0x0

PC: 0x0
SP: 0x0
A: 0x0, F: 0x0, AF: 0x0
B: 0x0, C: 0x4e, BC: 0x4e
D: 0x0, E: 0x0, DE: 0x0
H: 0x0, L: 0x0, HL: 0x0

